
> bhakti@0.1.0 build
> react-scripts build

Creating an optimized production build...
Compiled with warnings.

[eslint] 
src\components\Header.jsx
  Line 38:6:  React Hook useEffect has a missing dependency: 'poeticQuotes'. Either include it or remove the dependency array  react-hooks/exhaustive-deps

src\pages\About.jsx
  Line 20:8:  'newsLetter7Image' is defined but never used  no-unused-vars

src\pages\Contact.jsx
  Line 3:8:  'Footer' is defined but never used  no-unused-vars

src\pages\Home.jsx
  Line 15:9:  'displayPoems' is assigned a value but never used   no-unused-vars
  Line 18:9:  'highlightPoem' is assigned a value but never used  no-unused-vars

src\pages\Poems.jsx
  Line 3:28:  'Heart' is defined but never used  no-unused-vars
  Line 3:35:  'Share' is defined but never used  no-unused-vars

Search for the keywords to learn more about each warning.
To ignore, add // eslint-disable-next-line to the line before.

File sizes after gzip:

  217.08 kB  build\static\js\main.ddd142e1.js
  44.61 kB   build\static\css\main.10739b9e.css
  1.76 kB    build\static\js\453.2b607461.chunk.js

The project was built assuming it is hosted at /.
You can control this with the homepage field in your package.json.

The build folder is ready to be deployed.
You may serve it with a static server:

  serve -s build

Find out more about deployment here:

  https://cra.link/deployment

